[group3] AI MYSQL AUTOMATED TESTING
[group3] Loaded 375 test cases from D:\project\Final-Year-Project-v1-main\test_cases\group3.csv
[group3] Connected to MySQL
[group3] Running TC751 | F051 | Positive
[group3] Running TC752 | F051 | Positive
[group3] Running TC753 | F051 | Positive
[group3] Running TC754 | F051 | Positive
[group3] Running TC755 | F051 | Positive
[group3] Running TC756 | F051 | Negative
[group3] Running TC757 | F051 | Negative
[group3] Running TC758 | F051 | Negative
[group3] Running TC759 | F051 | Negative
[group3] Running TC760 | F051 | Negative
[group3] Running TC761 | F051 | Edge
[group3] Running TC762 | F051 | Edge
[group3] Running TC763 | F051 | Edge
[group3] Running TC764 | F051 | Edge
[group3] Running TC765 | F051 | Edge
[group3] Running TC766 | F052 | Positive
[group3] Running TC767 | F052 | Positive
[group3] Running TC768 | F052 | Positive
[group3] Running TC769 | F052 | Positive
[group3] Running TC770 | F052 | Positive
[group3] Running TC771 | F052 | Negative
[group3] Running TC772 | F052 | Negative
[group3] Running TC773 | F052 | Negative
[group3] Running TC774 | F052 | Negative
[group3] Running TC775 | F052 | Negative
[group3] Running TC776 | F052 | Edge
[group3] Running TC777 | F052 | Edge
[group3] Running TC778 | F052 | Edge
[group3] Running TC779 | F052 | Edge
[group3] Running TC780 | F052 | Edge
[group3] Running TC781 | F053 | Positive
[group3] Running TC782 | F053 | Positive
[group3] Running TC783 | F053 | Positive
[group3] Running TC784 | F053 | Positive
[group3] Running TC785 | F053 | Positive
[group3] Running TC786 | F053 | Negative
[group3] Running TC787 | F053 | Negative
[group3] Running TC788 | F053 | Negative
[group3] Running TC789 | F053 | Negative
[group3] Running TC790 | F053 | Negative
[group3] Running TC791 | F053 | Edge
[group3] Running TC792 | F053 | Edge
[group3] Running TC793 | F053 | Edge
[group3] Running TC794 | F053 | Edge
[group3] Running TC795 | F053 | Edge
[group3] Running TC796 | F054 | Positive
[group3] Running TC797 | F054 | Positive
[group3] Running TC798 | F054 | Positive
[group3] Running TC799 | F054 | Positive
[group3] Running TC800 | F054 | Positive
[group3] Running TC801 | F054 | Negative
[group3] Running TC802 | F054 | Negative
[group3] Running TC803 | F054 | Negative
[group3] Running TC804 | F054 | Negative
[group3] Running TC805 | F054 | Negative
[group3] Running TC806 | F054 | Edge
[group3] Running TC807 | F054 | Edge
[group3] Running TC808 | F054 | Edge
[group3] Running TC809 | F054 | Edge
[group3] Running TC810 | F054 | Edge
[group3] Running TC811 | F055 | Positive
[group3] Running TC812 | F055 | Positive
[group3] Running TC813 | F055 | Positive
[group3] Running TC814 | F055 | Positive
[group3] Running TC815 | F055 | Positive
[group3] Running TC816 | F055 | Negative
[group3] Running TC817 | F055 | Negative
[group3] Running TC818 | F055 | Negative
[group3] Running TC819 | F055 | Negative
[group3] Running TC820 | F055 | Negative
[group3] Running TC821 | F055 | Edge
[group3] Running TC822 | F055 | Edge
[group3] Running TC823 | F055 | Edge
[group3] Running TC824 | F055 | Edge
[group3] Running TC825 | F055 | Edge
[group3] Running TC826 | F056 | Positive
[group3] Running TC827 | F056 | Positive
[group3] Running TC828 | F056 | Positive
[group3] Running TC829 | F056 | Positive
[group3] Running TC830 | F056 | Positive
[group3] Running TC831 | F056 | Negative
[group3] Running TC832 | F056 | Negative
[group3] Running TC833 | F056 | Negative
[group3] Running TC834 | F056 | Negative
[group3] Running TC835 | F056 | Negative
[group3] Running TC836 | F056 | Edge
[group3] Running TC837 | F056 | Edge
[group3] Running TC838 | F056 | Edge
[group3] Running TC839 | F056 | Edge
[group3] Running TC840 | F056 | Edge
[group3] Running TC841 | F057 | Positive
[group3] Running TC842 | F057 | Positive
[group3] Running TC843 | F057 | Positive
[group3] Running TC844 | F057 | Positive
[group3] Running TC845 | F057 | Positive
[group3] Running TC846 | F057 | Negative
[group3] Running TC847 | F057 | Negative
[group3] Running TC848 | F057 | Negative
[group3] Running TC849 | F057 | Negative
[group3] Running TC850 | F057 | Negative
[group3] Running TC851 | F057 | Edge
[group3] Running TC852 | F057 | Edge
[group3] Running TC853 | F057 | Edge
[group3] Running TC854 | F057 | Edge
[group3] Running TC855 | F057 | Edge
[group3] Running TC856 | F058 | Positive
[group3] Running TC857 | F058 | Positive
[group3] Running TC858 | F058 | Positive
[group3] Running TC859 | F058 | Positive
[group3] Running TC860 | F058 | Positive
[group3] Running TC861 | F058 | Negative
[group3] Running TC862 | F058 | Negative
[group3] Running TC863 | F058 | Negative
[group3] Running TC864 | F058 | Negative
[group3] Running TC865 | F058 | Negative
[group3] Running TC866 | F058 | Edge
[group3] Running TC867 | F058 | Edge
[group3] Running TC868 | F058 | Edge
[group3] Running TC869 | F058 | Edge
[group3] Running TC870 | F058 | Edge
[group3] Running TC871 | F059 | Positive
[group3] Running TC872 | F059 | Positive
[group3] Running TC873 | F059 | Positive
[group3] Running TC874 | F059 | Positive
[group3] Running TC875 | F059 | Positive
[group3] Running TC876 | F059 | Negative
[group3] Running TC877 | F059 | Negative
[group3] Running TC878 | F059 | Negative
[group3] Running TC879 | F059 | Negative
[group3] Running TC880 | F059 | Negative
[group3] Running TC881 | F059 | Edge
[group3] Running TC882 | F059 | Edge
[group3] Running TC883 | F059 | Edge
[group3] Running TC884 | F059 | Edge
[group3] Running TC885 | F059 | Edge
[group3] Running TC886 | F060 | Positive
[group3] Running TC887 | F060 | Positive
[group3] Running TC888 | F060 | Positive
[group3] Running TC889 | F060 | Positive
[group3] Running TC890 | F060 | Positive
[group3] Running TC891 | F060 | Negative
[group3] Running TC892 | F060 | Negative
[group3] Running TC893 | F060 | Negative
[group3] Running TC894 | F060 | Negative
[group3] Running TC895 | F060 | Negative
[group3] Running TC896 | F060 | Edge
[group3] Running TC897 | F060 | Edge
[group3] Running TC898 | F060 | Edge
[group3] Running TC899 | F060 | Edge
[group3] Running TC900 | F060 | Edge
[group3] Running TC901 | F061 | Positive
[group3] Running TC902 | F061 | Positive
[group3] Running TC903 | F061 | Positive
[group3] Running TC904 | F061 | Positive
[group3] Running TC905 | F061 | Positive
[group3] Running TC906 | F061 | Negative
[group3] Running TC907 | F061 | Negative
[group3] Running TC908 | F061 | Negative
[group3] Running TC909 | F061 | Negative
[group3] Running TC910 | F061 | Negative
[group3] Running TC911 | F061 | Edge
[group3] Running TC912 | F061 | Edge
[group3] Running TC913 | F061 | Edge
[group3] Running TC914 | F061 | Edge
[group3] Running TC915 | F061 | Edge
[group3] Running TC916 | F062 | Positive
[group3] Running TC917 | F062 | Positive
[group3] Running TC918 | F062 | Positive
[group3] Running TC919 | F062 | Positive
[group3] Running TC920 | F062 | Positive
[group3] Running TC921 | F062 | Negative
[group3] Running TC922 | F062 | Negative
[group3] Running TC923 | F062 | Negative
[group3] Running TC924 | F062 | Negative
[group3] Running TC925 | F062 | Negative
[group3] Running TC926 | F062 | Edge
[group3] Running TC927 | F062 | Edge
[group3] Running TC928 | F062 | Edge
[group3] Running TC929 | F062 | Edge
[group3] Running TC930 | F062 | Edge
[group3] Running TC931 | F063 | Positive
[group3] Running TC932 | F063 | Positive
[group3] Running TC933 | F063 | Positive
[group3] Running TC934 | F063 | Positive
[group3] Running TC935 | F063 | Positive
[group3] Running TC936 | F063 | Negative
[group3] Running TC937 | F063 | Negative
[group3] Running TC938 | F063 | Negative
[group3] Running TC939 | F063 | Negative
[group3] Running TC940 | F063 | Negative
[group3] Running TC941 | F063 | Edge
[group3] Running TC942 | F063 | Edge
[group3] Running TC943 | F063 | Edge
[group3] Running TC944 | F063 | Edge
[group3] Running TC945 | F063 | Edge
[group3] Running TC946 | F064 | Positive
[group3] Running TC947 | F064 | Positive
[group3] Running TC948 | F064 | Positive
[group3] Running TC949 | F064 | Positive
[group3] Running TC950 | F064 | Positive
[group3] Running TC951 | F064 | Negative
[group3] Running TC952 | F064 | Negative
[group3] Running TC953 | F064 | Negative
[group3] Running TC954 | F064 | Negative
[group3] Running TC955 | F064 | Negative
[group3] Running TC956 | F064 | Edge
[group3] Running TC957 | F064 | Edge
[group3] Running TC958 | F064 | Edge
[group3] Running TC959 | F064 | Edge
[group3] Running TC960 | F064 | Edge
[group3] Running TC961 | F065 | Positive
[group3] Running TC962 | F065 | Positive
[group3] Running TC963 | F065 | Positive
[group3] Running TC964 | F065 | Positive
[group3] Running TC965 | F065 | Positive
[group3] Running TC966 | F065 | Negative
[group3] Running TC967 | F065 | Negative
[group3] Running TC968 | F065 | Negative
[group3] Running TC969 | F065 | Negative
[group3] Running TC970 | F065 | Negative
[group3] Running TC971 | F065 | Edge
[group3] Running TC972 | F065 | Edge
[group3] Running TC973 | F065 | Edge
[group3] Running TC974 | F065 | Edge
[group3] Running TC975 | F065 | Edge
[group3] Running TC976 | F066 | Positive
[group3] Running TC977 | F066 | Positive
[group3] Running TC978 | F066 | Positive
[group3] Running TC979 | F066 | Positive
[group3] Running TC980 | F066 | Positive
[group3] Running TC981 | F066 | Negative
[group3] Running TC982 | F066 | Negative
[group3] Running TC983 | F066 | Negative
[group3] Running TC984 | F066 | Negative
[group3] Running TC985 | F066 | Negative
[group3] Running TC986 | F066 | Edge
[group3] Running TC987 | F066 | Edge
[group3] Running TC988 | F066 | Edge
[group3] Running TC989 | F066 | Edge
[group3] Running TC990 | F066 | Edge
[group3] Running TC991 | F067 | Positive
[group3] Running TC992 | F067 | Positive
[group3] Running TC993 | F067 | Positive
[group3] Running TC994 | F067 | Positive
[group3] Running TC995 | F067 | Positive
[group3] Running TC996 | F067 | Negative
[group3] Running TC997 | F067 | Negative
[group3] Running TC998 | F067 | Negative
[group3] Running TC999 | F067 | Negative
[group3] Running TC1000 | F067 | Negative
[group3] Running TC1001 | F067 | Edge
[group3] Running TC1002 | F067 | Edge
[group3] Running TC1003 | F067 | Edge
[group3] Running TC1004 | F067 | Edge
[group3] Running TC1005 | F067 | Edge
[group3] Running TC1006 | F068 | Positive
[group3] Running TC1007 | F068 | Positive
[group3] Running TC1008 | F068 | Positive
[group3] Running TC1009 | F068 | Positive
[group3] Running TC1010 | F068 | Positive
[group3] Running TC1011 | F068 | Negative
[group3] Running TC1012 | F068 | Negative
[group3] Running TC1013 | F068 | Negative
[group3] Running TC1014 | F068 | Negative
[group3] Running TC1015 | F068 | Negative
[group3] Running TC1016 | F068 | Edge
[group3] Running TC1017 | F068 | Edge
[group3] Running TC1018 | F068 | Edge
[group3] Running TC1019 | F068 | Edge
[group3] Running TC1020 | F068 | Edge
[group3] Running TC1021 | F069 | Positive
[group3] Running TC1022 | F069 | Positive
[group3] Running TC1023 | F069 | Positive
[group3] Running TC1024 | F069 | Positive
[group3] Running TC1025 | F069 | Positive
[group3] Running TC1026 | F069 | Negative
[group3] Running TC1027 | F069 | Negative
[group3] Running TC1028 | F069 | Negative
[group3] Running TC1029 | F069 | Negative
[group3] Running TC1030 | F069 | Negative
[group3] Running TC1031 | F069 | Edge
[group3] Running TC1032 | F069 | Edge
[group3] Running TC1033 | F069 | Edge
[group3] Running TC1034 | F069 | Edge
[group3] Running TC1035 | F069 | Edge
[group3] Running TC1036 | F070 | Positive
[group3] Running TC1037 | F070 | Positive
[group3] Running TC1038 | F070 | Positive
[group3] Running TC1039 | F070 | Positive
[group3] Running TC1040 | F070 | Positive
[group3] Running TC1041 | F070 | Negative
[group3] Running TC1042 | F070 | Negative
[group3] Running TC1043 | F070 | Negative
[group3] Running TC1044 | F070 | Negative
[group3] Running TC1045 | F070 | Negative
[group3] Running TC1046 | F070 | Edge
[group3] Running TC1047 | F070 | Edge
[group3] Running TC1048 | F070 | Edge
[group3] Running TC1049 | F070 | Edge
[group3] Running TC1050 | F070 | Edge
[group3] Running TC1051 | F071 | Positive
[group3] Running TC1052 | F071 | Positive
[group3] Running TC1053 | F071 | Positive
[group3] Running TC1054 | F071 | Positive
[group3] Running TC1055 | F071 | Positive
[group3] Running TC1056 | F071 | Negative
[group3] Running TC1057 | F071 | Negative
[group3] Running TC1058 | F071 | Negative
[group3] Running TC1059 | F071 | Negative
[group3] Running TC1060 | F071 | Negative
[group3] Running TC1061 | F071 | Edge
[group3] Running TC1062 | F071 | Edge
[group3] Running TC1063 | F071 | Edge
[group3] Running TC1064 | F071 | Edge
[group3] Running TC1065 | F071 | Edge
[group3] Running TC1066 | F072 | Positive
[group3] Running TC1067 | F072 | Positive
[group3] Running TC1068 | F072 | Positive
[group3] Running TC1069 | F072 | Positive
[group3] Running TC1070 | F072 | Positive
[group3] Running TC1071 | F072 | Negative
[group3] Running TC1072 | F072 | Negative
[group3] Running TC1073 | F072 | Negative
[group3] Running TC1074 | F072 | Negative
[group3] Running TC1075 | F072 | Negative
[group3] Running TC1076 | F072 | Edge
[group3] Running TC1077 | F072 | Edge
[group3] Running TC1078 | F072 | Edge
[group3] Running TC1079 | F072 | Edge
[group3] Running TC1080 | F072 | Edge
[group3] Running TC1081 | F073 | Positive
[group3] Running TC1082 | F073 | Positive
[group3] Running TC1083 | F073 | Positive
[group3] Running TC1084 | F073 | Positive
[group3] Running TC1085 | F073 | Positive
[group3] Running TC1086 | F073 | Negative
[group3] Running TC1087 | F073 | Negative
[group3] Running TC1088 | F073 | Negative
[group3] Running TC1089 | F073 | Negative
[group3] Running TC1090 | F073 | Negative
[group3] Running TC1091 | F073 | Edge
[group3] Running TC1092 | F073 | Edge
[group3] Running TC1093 | F073 | Edge
[group3] Running TC1094 | F073 | Edge
[group3] Running TC1095 | F073 | Edge
[group3] Running TC1096 | F074 | Positive
[group3] Running TC1097 | F074 | Positive
[group3] Running TC1098 | F074 | Positive
[group3] Running TC1099 | F074 | Positive
[group3] Running TC1100 | F074 | Positive
[group3] Running TC1101 | F074 | Negative
[group3] Running TC1102 | F074 | Negative
[group3] Running TC1103 | F074 | Negative
[group3] Running TC1104 | F074 | Negative
[group3] Running TC1105 | F074 | Negative
[group3] Running TC1106 | F074 | Edge
[group3] Running TC1107 | F074 | Edge
[group3] Running TC1108 | F074 | Edge
[group3] Running TC1109 | F074 | Edge
[group3] Running TC1110 | F074 | Edge
[group3] Running TC1111 | F075 | Positive
[group3] Running TC1112 | F075 | Positive
[group3] Running TC1113 | F075 | Positive
[group3] Running TC1114 | F075 | Positive
[group3] Running TC1115 | F075 | Positive
[group3] Running TC1116 | F075 | Negative
[group3] Running TC1117 | F075 | Negative
[group3] Running TC1118 | F075 | Negative
[group3] Running TC1119 | F075 | Negative
[group3] Running TC1120 | F075 | Negative
[group3] Running TC1121 | F075 | Edge
[group3] Running TC1122 | F075 | Edge
[group3] Running TC1123 | F075 | Edge
[group3] Running TC1124 | F075 | Edge
[group3] Running TC1125 | F075 | Edge
[group3] Summary: 375/375 passed; 0 failed; 100.00% pass rate
[group3] Response file saved: D:\project\Final-Year-Project-v1-main\reports\response_group3.txt
